#
# There is insufficient memory for the Java Runtime Environment to continue.
# Native memory allocation (malloc) failed to allocate 1384472 bytes. Error detail: Chunk::new
# Possible reasons:
#   The system is out of physical RAM or swap space
#   This process is running with CompressedOops enabled, and the Java Heap may be blocking the growth of the native heap
# Possible solutions:
#   Reduce memory load on the system
#   Increase physical memory or swap space
#   Check if swap backing store is full
#   Decrease Java heap size (-Xmx/-Xms)
#   Decrease number of Java threads
#   Decrease Java thread stack sizes (-Xss)
#   Set larger code cache with -XX:ReservedCodeCacheSize=
#   JVM is running with Unscaled Compressed Oops mode in which the Java heap is
#     placed in the first 4GB address space. The Java Heap base address is the
#     maximum limit for the native heap growth. Please use -XX:HeapBaseMinAddress
#     to set the Java Heap base and to place the Java Heap above 4GB virtual address.
# This output file may be truncated or incomplete.
#
#  Out of Memory Error (arena.cpp:186), pid=15916, tid=4660
#
# JRE version: OpenJDK Runtime Environment Temurin-25.0.2+10 (25.0.2+10) (build 25.0.2+10-LTS)
# Java VM: OpenJDK 64-Bit Server VM Temurin-25.0.2+10 (25.0.2+10-LTS, mixed mode, sharing, tiered, compressed oops, compressed class ptrs, g1 gc, windows-amd64)
# No core dump will be written. Minidumps are not enabled by default on client versions of Windows
#

---------------  S U M M A R Y ------------

Command Line: -Dfile.encoding=UTF-8 -Dstdout.encoding=UTF-8 -Dstderr.encoding=UTF-8 -XX:+ShowCodeDetailsInExceptionMessages com.app.BackendWebBasedSubscriptionAndBillingSystemApplication

Host: Intel(R) Core(TM) i3-1005G1 CPU @ 1.20GHz, 4 cores, 7G,  Windows 11 , 64 bit Build 26100 (10.0.26100.8737)
Time: Fri Jul  3 20:27:39 2026 India Standard Time elapsed time: 69.691521 seconds (0d 0h 1m 9s)

---------------  T H R E A D  ---------------

Current thread (0x00000263b6033610):  JavaThread "C2 CompilerThread0" daemon [_thread_in_native, id=4660, stack(0x000000b071600000,0x000000b071700000) (1024K)]


Current CompileTask:
C2:69691 6918       4       java.lang.String$CaseInsensitiveComparator::compare (68 bytes)

Stack: [0x000000b071600000,0x000000b071700000]
Native frames: (J=compiled Java code, j=interpreted, Vv=VM code, C=native code)
V  [jvm.dll+0x7a8bc9]  (no source info available)
V  [jvm.dll+0x77310d]  (no source info available)
V  [jvm.dll+0x9f55f3]  (no source info available)
V  [jvm.dll+0x9f7be1]  (no source info available)
V  [jvm.dll+0x9f82f3]  (no source info available)
V  [jvm.dll+0x2fce26]  (no source info available)
V  [jvm.dll+0x111076]  (no source info available)
V  [jvm.dll+0x11139e]  (no source info available)
V  [jvm.dll+0x19fff2]  (no source info available)
V  [jvm.dll+0x3b5f62]  (no source info available)
V  [jvm.dll+0x7ae53c]  (no source info available)
V  [jvm.dll+0x2c0407]  (no source info available)
V  [jvm.dll+0x2bf3cf]  (no source info available)
V  [jvm.dll+0x237140]  (no source info available)
V  [jvm.dll+0x2cf4c6]  (no source info available)
V  [jvm.dll+0x2cd74a]  (no source info available)
V  [jvm.dll+0x48fbee]  (no source info available)
V  [jvm.dll+0x996b0d]  (no source info available)
V  [jvm.dll+0x7a71a5]  (no source info available)
C  [ucrtbase.dll+0x2cd30]  (no source info available)
C  [KERNEL32.DLL+0x2e957]  (no source info available)
C  [ntdll.dll+0xaad6c]  (no source info available)

Lock stack of current Java thread (top to bottom):


---------------  P R O C E S S  ---------------

Threads class SMR info:
_java_thread_list=0x00000263be8dbc70, length=29, elements={
0x00000263b6027bb0, 0x00000263b6029580, 0x00000263b602c700, 0x00000263b6030430,
0x00000263b6030ff0, 0x00000263b6031bb0, 0x00000263b6033610, 0x00000263b606df30,
0x00000263b60edc90, 0x00000263b61009b0, 0x00000263b694d8d0, 0x00000263b694e090,
0x00000263bcc99ca0, 0x00000263bb301900, 0x00000263bb300960, 0x00000263bce38f80,
0x00000263bce3aec0, 0x00000263bce37fe0, 0x00000263bce3be60, 0x00000263bce3dda0,
0x00000263bce3c630, 0x00000263bce3ed40, 0x00000263bce3ce00, 0x00000263bce3e570,
0x00000263bce3d5d0, 0x00000263bb2fc310, 0x00000263bdd2f310, 0x00000263bdd302b0,
0x00000263bdd2eb40
}

Java Threads: ( => current thread )
  0x00000263b6027bb0 JavaThread "Reference Handler"          daemon [_thread_blocked, id=21564, stack(0x000000b071000000,0x000000b071100000) (1024K)]
  0x00000263b6029580 JavaThread "Finalizer"                  daemon [_thread_blocked, id=18980, stack(0x000000b071100000,0x000000b071200000) (1024K)]
  0x00000263b602c700 JavaThread "Signal Dispatcher"          daemon [_thread_blocked, id=19616, stack(0x000000b071200000,0x000000b071300000) (1024K)]
  0x00000263b6030430 JavaThread "Attach Listener"            daemon [_thread_blocked, id=16168, stack(0x000000b071300000,0x000000b071400000) (1024K)]
  0x00000263b6030ff0 JavaThread "Service Thread"             daemon [_thread_blocked, id=23812, stack(0x000000b071400000,0x000000b071500000) (1024K)]
  0x00000263b6031bb0 JavaThread "Monitor Deflation Thread"   daemon [_thread_blocked, id=11084, stack(0x000000b071500000,0x000000b071600000) (1024K)]
=>0x00000263b6033610 JavaThread "C2 CompilerThread0"         daemon [_thread_in_native, id=4660, stack(0x000000b071600000,0x000000b071700000) (1024K)]
  0x00000263b606df30 JavaThread "C1 CompilerThread0"         daemon [_thread_blocked, id=18792, stack(0x000000b071700000,0x000000b071800000) (1024K)]
  0x00000263b60edc90 JavaThread "Notification Thread"        daemon [_thread_blocked, id=16208, stack(0x000000b071800000,0x000000b071900000) (1024K)]
  0x00000263b61009b0 JavaThread "Common-Cleaner"             daemon [_thread_blocked, id=23580, stack(0x000000b071900000,0x000000b071a00000) (1024K)]
  0x00000263b694d8d0 JavaThread "Catalina-utility-1"                [_thread_blocked, id=19076, stack(0x000000b072000000,0x000000b072100000) (1024K)]
  0x00000263b694e090 JavaThread "Catalina-utility-2"                [_thread_blocked, id=17552, stack(0x000000b072100000,0x000000b072200000) (1024K)]
  0x00000263bcc99ca0 JavaThread "container-0"                       [_thread_blocked, id=21440, stack(0x000000b072200000,0x000000b072300000) (1024K)]
  0x00000263bb301900 JavaThread "Cleaner-0"                  daemon [_thread_blocked, id=22980, stack(0x000000b072400000,0x000000b072500000) (1024K)]
  0x00000263bb300960 JavaThread "HikariPool-1:housekeeper"   daemon [_thread_blocked, id=5564, stack(0x000000b072500000,0x000000b072600000) (1024K)]
  0x00000263bce38f80 JavaThread "File Watcher"               daemon [_thread_blocked, id=19232, stack(0x000000b072700000,0x000000b072800000) (1024K)]
  0x00000263bce3aec0 JavaThread "http-nio-8080-exec-1"       daemon [_thread_blocked, id=15944, stack(0x000000b072600000,0x000000b072700000) (1024K)]
  0x00000263bce37fe0 JavaThread "http-nio-8080-exec-2"       daemon [_thread_blocked, id=23484, stack(0x000000b072800000,0x000000b072900000) (1024K)]
  0x00000263bce3be60 JavaThread "http-nio-8080-exec-3"       daemon [_thread_blocked, id=17928, stack(0x000000b072900000,0x000000b072a00000) (1024K)]
  0x00000263bce3dda0 JavaThread "http-nio-8080-exec-4"       daemon [_thread_blocked, id=5852, stack(0x000000b072a00000,0x000000b072b00000) (1024K)]
  0x00000263bce3c630 JavaThread "http-nio-8080-exec-5"       daemon [_thread_blocked, id=9712, stack(0x000000b072b00000,0x000000b072c00000) (1024K)]
  0x00000263bce3ed40 JavaThread "http-nio-8080-exec-6"       daemon [_thread_blocked, id=17380, stack(0x000000b072c00000,0x000000b072d00000) (1024K)]
  0x00000263bce3ce00 JavaThread "http-nio-8080-exec-7"       daemon [_thread_blocked, id=23708, stack(0x000000b072d00000,0x000000b072e00000) (1024K)]
  0x00000263bce3e570 JavaThread "http-nio-8080-exec-8"       daemon [_thread_blocked, id=7216, stack(0x000000b072e00000,0x000000b072f00000) (1024K)]
  0x00000263bce3d5d0 JavaThread "http-nio-8080-exec-9"       daemon [_thread_blocked, id=16636, stack(0x000000b072f00000,0x000000b073000000) (1024K)]
  0x00000263bb2fc310 JavaThread "http-nio-8080-exec-10"      daemon [_thread_blocked, id=24532, stack(0x000000b073000000,0x000000b073100000) (1024K)]
  0x00000263bdd2f310 JavaThread "http-nio-8080-Poller"       daemon [_thread_in_native, id=15800, stack(0x000000b073100000,0x000000b073200000) (1024K)]
  0x00000263bdd302b0 JavaThread "http-nio-8080-Acceptor"     daemon [_thread_in_native, id=15312, stack(0x000000b073200000,0x000000b073300000) (1024K)]
  0x00000263bdd2eb40 JavaThread "DestroyJavaVM"                     [_thread_blocked, id=16320, stack(0x000000b070800000,0x000000b070900000) (1024K)]
Total: 29

Other Threads:
  0x00000263b6012130 VMThread "VM Thread"                           [id=15764, stack(0x000000b070f00000,0x000000b071000000) (1024K)]
  0x00000263b6002430 WatcherThread "VM Periodic Task Thread"        [id=9564, stack(0x000000b070e00000,0x000000b070f00000) (1024K)]
  0x000002639e7c4c40 WorkerThread "GC Thread#0"                     [id=23136, stack(0x000000b070900000,0x000000b070a00000) (1024K)]
  0x00000263b6834080 WorkerThread "GC Thread#1"                     [id=17944, stack(0x000000b071c00000,0x000000b071d00000) (1024K)]
  0x00000263b6834920 WorkerThread "GC Thread#2"                     [id=22824, stack(0x000000b071d00000,0x000000b071e00000) (1024K)]
  0x00000263b6835610 WorkerThread "GC Thread#3"                     [id=3940, stack(0x000000b071e00000,0x000000b071f00000) (1024K)]
  0x000002639e7dd2b0 ConcurrentGCThread "G1 Main Marker"            [id=23788, stack(0x000000b070a00000,0x000000b070b00000) (1024K)]
  0x000002639e7dde50 WorkerThread "G1 Conc#0"                       [id=16748, stack(0x000000b070b00000,0x000000b070c00000) (1024K)]
  0x000002639e80fde0 ConcurrentGCThread "G1 Refine#0"               [id=14688, stack(0x000000b070c00000,0x000000b070d00000) (1024K)]
  0x000002639e814c10 ConcurrentGCThread "G1 Service"                [id=11460, stack(0x000000b070d00000,0x000000b070e00000) (1024K)]
Total: 10

Threads with active compile tasks:
C2 CompilerThread0  69793 6918       4       java.lang.String$CaseInsensitiveComparator::compare (68 bytes)
Total: 1

VM state: not at safepoint (normal execution)

VM Mutex/Monitor currently owned by a thread: None

Heap address: 0x0000000083a00000, size: 1990 MB, Compressed Oops mode: 32-bit

CDS archive(s) mapped at: [0x0000000002000000-0x0000000002dc0000-0x0000000002dc0000), size 14417920, SharedBaseAddress: 0x0000000002000000, ArchiveRelocationMode: 1.
Compressed class space mapped at: 0x0000000003000000-0x0000000043000000, reserved size: 1073741824
UseCompressedClassPointers 1, UseCompactObjectHeaders 0
Narrow klass pointer bits 32, Max shift 3
Narrow klass base: 0x0000000002000000, Narrow klass shift: 0
Encoding Range: [0x0000000002000000 - 0x0000000102000000), (4294967296 bytes)
Klass Range:    [0x0000000002010000 - 0x0000000043000000), (1090453504 bytes)
Klass ID Range:  [65536 - 1090519033) (1090453497)
Protection zone: [0x0000000002000000 - 0x0000000002010000), (65536 bytes)

GC Precious Log:
 CardTable entry size: 512
 Card Set container configuration: InlinePtr #cards 5 size 8 Array Of Cards #cards 10 size 36 Howl #buckets 4 coarsen threshold 1843 Howl Bitmap #cards 512 size 80 coarsen threshold 460 Card regions per heap region 1 cards per card region 2048
 CPUs: 4 total, 4 available
 Memory: 7958M
 Large Page Support: Disabled
 NUMA Support: Disabled
 Compressed Oops: Enabled (32-bit)
 Heap Region Size: 1M
 Heap Min Capacity: 8M
 Heap Initial Capacity: 126M
 Heap Max Capacity: 1990M
 Pre-touch: Disabled
 Parallel Workers: 4
 Concurrent Workers: 1
 Concurrent Refinement Workers: 4
 Periodic GC: Disabled

Heap:
 garbage-first heap   total reserved 2037760K, committed 57344K, used 51250K [0x0000000083a00000, 0x0000000100000000)
  region size 1024K, 20 young (20480K), 3 survivors (3072K)

Heap Regions: E=young(eden), S=young(survivor), O=old, HS=humongous(starts), HC=humongous(continues), CS=collection set, F=free, TAMS=top-at-mark-start, PB=parsable bottom
|   0|0x0000000083a00000, 0x0000000083b00000, 0x0000000083b00000|100%|HS|  |TAMS 0x0000000083a00000| PB 0x0000000083a00000| Complete |  0
|   1|0x0000000083b00000, 0x0000000083c00000, 0x0000000083c00000|100%| O|  |TAMS 0x0000000083b00000| PB 0x0000000083b00000| Untracked |  0
|   2|0x0000000083c00000, 0x0000000083d00000, 0x0000000083d00000|100%| O|  |TAMS 0x0000000083c00000| PB 0x0000000083c00000| Untracked |  0
|   3|0x0000000083d00000, 0x0000000083e00000, 0x0000000083e00000|100%| O|  |TAMS 0x0000000083d00000| PB 0x0000000083d00000| Untracked |  0
|   4|0x0000000083e00000, 0x0000000083f00000, 0x0000000083f00000|100%| O|  |TAMS 0x0000000083e00000| PB 0x0000000083e00000| Untracked |  0
|   5|0x0000000083f00000, 0x0000000084000000, 0x0000000084000000|100%| O|  |TAMS 0x0000000083f00000| PB 0x0000000083f00000| Untracked |  0
|   6|0x0000000084000000, 0x0000000084100000, 0x0000000084100000|100%| O|  |TAMS 0x0000000084000000| PB 0x0000000084000000| Untracked |  0
|   7|0x0000000084100000, 0x0000000084200000, 0x0000000084200000|100%| O|  |TAMS 0x0000000084100000| PB 0x0000000084100000| Untracked |  0
|   8|0x0000000084200000, 0x0000000084300000, 0x0000000084300000|100%| O|  |TAMS 0x0000000084200000| PB 0x0000000084200000| Untracked |  0
|   9|0x0000000084300000, 0x0000000084400000, 0x0000000084400000|100%| O|  |TAMS 0x0000000084300000| PB 0x0000000084300000| Untracked |  0
|  10|0x0000000084400000, 0x0000000084500000, 0x0000000084500000|100%| O|  |TAMS 0x0000000084400000| PB 0x0000000084400000| Untracked |  0
|  11|0x0000000084500000, 0x0000000084600000, 0x0000000084600000|100%| O|  |TAMS 0x0000000084500000| PB 0x0000000084500000| Untracked |  0
|  12|0x0000000084600000, 0x0000000084700000, 0x0000000084700000|100%| O|  |TAMS 0x0000000084600000| PB 0x0000000084600000| Untracked |  0
|  13|0x0000000084700000, 0x0000000084800000, 0x0000000084800000|100%| O|  |TAMS 0x0000000084700000| PB 0x0000000084700000| Untracked |  0
|  14|0x0000000084800000, 0x0000000084900000, 0x0000000084900000|100%| O|  |TAMS 0x0000000084800000| PB 0x0000000084800000| Untracked |  0
|  15|0x0000000084900000, 0x0000000084900000, 0x0000000084a00000|  0%| F|  |TAMS 0x0000000084900000| PB 0x0000000084900000| Untracked |  0
|  16|0x0000000084a00000, 0x0000000084b00000, 0x0000000084b00000|100%| O|  |TAMS 0x0000000084a00000| PB 0x0000000084a00000| Untracked |  0
|  17|0x0000000084b00000, 0x0000000084c00000, 0x0000000084c00000|100%| O|  |TAMS 0x0000000084b00000| PB 0x0000000084b00000| Untracked |  0
|  18|0x0000000084c00000, 0x0000000084d00000, 0x0000000084d00000|100%| O|  |TAMS 0x0000000084c00000| PB 0x0000000084c00000| Untracked |  0
|  19|0x0000000084d00000, 0x0000000084e00000, 0x0000000084e00000|100%| O|  |TAMS 0x0000000084d00000| PB 0x0000000084d00000| Untracked |  0
|  20|0x0000000084e00000, 0x0000000084f00000, 0x0000000084f00000|100%| O|  |TAMS 0x0000000084e00000| PB 0x0000000084e00000| Untracked |  0
|  21|0x0000000084f00000, 0x0000000085000000, 0x0000000085000000|100%| O|  |TAMS 0x0000000084f00000| PB 0x0000000084f00000| Untracked |  0
|  22|0x0000000085000000, 0x0000000085100000, 0x0000000085100000|100%| O|  |TAMS 0x0000000085000000| PB 0x0000000085000000| Untracked |  0
|  23|0x0000000085100000, 0x0000000085200000, 0x0000000085200000|100%| O|  |TAMS 0x0000000085100000| PB 0x0000000085100000| Untracked |  0
|  24|0x0000000085200000, 0x0000000085300000, 0x0000000085300000|100%| O|  |TAMS 0x0000000085200000| PB 0x0000000085200000| Untracked |  0
|  25|0x0000000085300000, 0x0000000085400000, 0x0000000085400000|100%| O|  |TAMS 0x0000000085300000| PB 0x0000000085300000| Untracked |  0
|  26|0x0000000085400000, 0x0000000085500000, 0x0000000085500000|100%| O|  |TAMS 0x0000000085400000| PB 0x0000000085400000| Untracked |  0
|  27|0x0000000085500000, 0x0000000085600000, 0x0000000085600000|100%| O|  |TAMS 0x0000000085500000| PB 0x0000000085500000| Untracked |  0
|  28|0x0000000085600000, 0x0000000085700000, 0x0000000085700000|100%| O|  |TAMS 0x0000000085600000| PB 0x0000000085600000| Untracked |  0
|  29|0x0000000085700000, 0x0000000085800000, 0x0000000085800000|100%| O|  |TAMS 0x0000000085700000| PB 0x0000000085700000| Untracked |  0
|  30|0x0000000085800000, 0x0000000085900000, 0x0000000085900000|100%| O|  |TAMS 0x0000000085800000| PB 0x0000000085800000| Untracked |  0
|  31|0x0000000085900000, 0x0000000085a00000, 0x0000000085a00000|100%| S|CS|TAMS 0x0000000085900000| PB 0x0000000085900000| Complete |  0
|  32|0x0000000085a00000, 0x0000000085b00000, 0x0000000085b00000|100%| S|CS|TAMS 0x0000000085a00000| PB 0x0000000085a00000| Complete |  0
|  33|0x0000000085b00000, 0x0000000085b00000, 0x0000000085c00000|  0%| F|  |TAMS 0x0000000085b00000| PB 0x0000000085b00000| Untracked |  0
|  34|0x0000000085c00000, 0x0000000085c00000, 0x0000000085d00000|  0%| F|  |TAMS 0x0000000085c00000| PB 0x0000000085c00000| Untracked |  0
|  35|0x0000000085d00000, 0x0000000085d00000, 0x0000000085e00000|  0%| F|  |TAMS 0x0000000085d00000| PB 0x0000000085d00000| Untracked |  0
|  36|0x0000000085e00000, 0x0000000085e82ae8, 0x0000000085f00000| 51%| E|  |TAMS 0x0000000085e00000| PB 0x0000000085e00000| Complete |  0
|  37|0x0000000085f00000, 0x0000000086000000, 0x0000000086000000|100%| E|CS|TAMS 0x0000000085f00000| PB 0x0000000085f00000| Complete |  0
|  38|0x0000000086000000, 0x0000000086100000, 0x0000000086100000|100%| E|CS|TAMS 0x0000000086000000| PB 0x0000000086000000| Complete |  0
|  39|0x0000000086100000, 0x0000000086200000, 0x0000000086200000|100%| E|CS|TAMS 0x0000000086100000| PB 0x0000000086100000| Complete |  0
|  40|0x0000000086200000, 0x0000000086300000, 0x0000000086300000|100%| E|CS|TAMS 0x0000000086200000| PB 0x0000000086200000| Complete |  0
|  41|0x0000000086300000, 0x0000000086400000, 0x0000000086400000|100%| E|CS|TAMS 0x0000000086300000| PB 0x0000000086300000| Complete |  0
|  42|0x0000000086400000, 0x0000000086500000, 0x0000000086500000|100%| E|CS|TAMS 0x0000000086400000| PB 0x0000000086400000| Complete |  0
|  43|0x0000000086500000, 0x0000000086600000, 0x0000000086600000|100%| E|CS|TAMS 0x0000000086500000| PB 0x0000000086500000| Complete |  0
|  44|0x0000000086600000, 0x0000000086700000, 0x0000000086700000|100%| E|CS|TAMS 0x0000000086600000| PB 0x0000000086600000| Complete |  0
|  45|0x0000000086700000, 0x0000000086800000, 0x0000000086800000|100%| E|CS|TAMS 0x0000000086700000| PB 0x0000000086700000| Complete |  0
|  46|0x0000000086800000, 0x0000000086900000, 0x0000000086900000|100%| E|CS|TAMS 0x0000000086800000| PB 0x0000000086800000| Complete |  0
|  47|0x0000000086900000, 0x00000000869c9090, 0x0000000086a00000| 78%| S|CS|TAMS 0x0000000086900000| PB 0x0000000086900000| Complete |  0
| 112|0x000000008aa00000, 0x000000008ab00000, 0x000000008ab00000|100%| E|CS|TAMS 0x000000008aa00000| PB 0x000000008aa00000| Complete |  0
| 113|0x000000008ab00000, 0x000000008ac00000, 0x000000008ac00000|100%| E|CS|TAMS 0x000000008ab00000| PB 0x000000008ab00000| Complete |  0
| 114|0x000000008ac00000, 0x000000008ad00000, 0x000000008ad00000|100%| E|CS|TAMS 0x000000008ac00000| PB 0x000000008ac00000| Complete |  0
| 115|0x000000008ad00000, 0x000000008ae00000, 0x000000008ae00000|100%| E|CS|TAMS 0x000000008ad00000| PB 0x000000008ad00000| Complete |  0
| 116|0x000000008ae00000, 0x000000008af00000, 0x000000008af00000|100%| E|CS|TAMS 0x000000008ae00000| PB 0x000000008ae00000| Complete |  0
|1987|0x00000000ffd00000, 0x00000000ffd43b48, 0x00000000ffe00000| 26%| O|  |TAMS 0x00000000ffd00000| PB 0x00000000ffd00000| Untracked |  0
|1988|0x00000000ffe00000, 0x00000000fff00000, 0x00000000fff00000|100%| O|  |TAMS 0x00000000ffe00000| PB 0x00000000ffe00000| Untracked |  0
|1989|0x00000000fff00000, 0x0000000100000000, 0x0000000100000000|100%| E|CS|TAMS 0x00000000fff00000| PB 0x00000000fff00000| Complete |  0

Card table byte_map: [0x00000263b1880000,0x00000263b1c70000] _byte_map_base: 0x00000263b1463000

Marking Bits: (CMBitMap*) 0x000002639e7c53d0
 Bits: [0x00000263b1c70000, 0x00000263b3b88000)

Polling page: 0x000002639c5a0000

Metaspace:
Metaspace        used 78778K, committed 79296K, reserved 1179648K
 class space     used 11423K, committed 11648K, reserved 1048576K

Usage:
  Non-class:     65.78 MB used.
      Class:     11.16 MB used.
       Both:     76.93 MB used.

Virtual space:
  Non-class space:      128.00 MB reserved,      66.06 MB ( 52%) committed,  2 nodes.
      Class space:        1.00 GB reserved,      11.38 MB (  1%) committed,  1 nodes.
             Both:        1.12 GB reserved,      77.44 MB (  7%) committed. 

Chunk freelists:
   Non-Class:  13.77 MB
       Class:  4.44 MB
        Both:  18.20 MB

MaxMetaspaceSize: unlimited
CompressedClassSpaceSize: 1.00 GB
Initial GC threshold: 21.00 MB
Current GC threshold: 120.62 MB
CDS: on
 - commit_granule_bytes: 65536.
 - commit_granule_words: 8192.
 - virtual_space_node_default_size: 8388608.
 - enlarge_chunks_in_place: 1.
UseCompressedClassPointers 1, UseCompactObjectHeaders 0
Narrow klass pointer bits 32, Max shift 3
Narrow klass base: 0x0000000002000000, Narrow klass shift: 0
Encoding Range: [0x0000000002000000 - 0x0000000102000000), (4294967296 bytes)
Klass Range:    [0x0000000002010000 - 0x0000000043000000), (1090453504 bytes)
Klass ID Range:  [65536 - 1090519033) (1090453497)
Protection zone: [0x0000000002000000 - 0x0000000002010000), (65536 bytes)


Internal statistics:

num_allocs_failed_limit: 9.
num_arena_births: 742.
num_arena_deaths: 0.
num_vsnodes_births: 3.
num_vsnodes_deaths: 0.
num_space_committed: 1239.
num_space_uncommitted: 0.
num_chunks_returned_to_freelist: 9.
num_chunks_taken_from_freelist: 3601.
num_chunk_merges: 3.
num_chunk_splits: 2666.
num_chunks_enlarged: 2225.
num_inconsistent_stats: 0.

CodeHeap 'non-profiled nmethods': size=120064Kb used=3121Kb max_used=3121Kb free=116942Kb
 bounds [0x00000263a9f50000, 0x00000263aa260000, 0x00000263b1490000]
CodeHeap 'profiled nmethods': size=120000Kb used=9026Kb max_used=9026Kb free=110973Kb
 bounds [0x00000263a2490000, 0x00000263a2d70000, 0x00000263a99c0000]
CodeHeap 'non-nmethods': size=5696Kb used=1841Kb max_used=1974Kb free=3855Kb
 bounds [0x00000263a99c0000, 0x00000263a9c30000, 0x00000263a9f50000]
CodeCache: size=245760Kb, used=13988Kb, max_used=14121Kb, free=231770Kb
 total_blobs=6689, nmethods=5920, adapters=671, full_count=0
Compilation: enabled, stopped_count=0, restarted_count=0

Compilation events (20 events):
Event: 61.277 Thread 0x00000263b6033610 nmethod 6908 0x00000263aa25bb88 code [0x00000263aa25bc80, 0x00000263aa25c700]
Event: 62.050 Thread 0x00000263b606df30 6909       3       java.util.concurrent.locks.LockSupport::setBlocker (12 bytes)
Event: 62.051 Thread 0x00000263b606df30 nmethod 6909 0x00000263a2d5de88 code [0x00000263a2d5df80, 0x00000263a2d5e200]
Event: 63.982 Thread 0x00000263b606df30 6910       3       java.util.HashMap$KeySet::iterator (12 bytes)
Event: 63.983 Thread 0x00000263b606df30 nmethod 6910 0x00000263a2d5e208 code [0x00000263a2d5e300, 0x00000263a2d5e660]
Event: 63.983 Thread 0x00000263b606df30 6911       3       java.util.HashMap$KeyIterator::<init> (13 bytes)
Event: 63.983 Thread 0x00000263b606df30 nmethod 6911 0x00000263a2d5e688 code [0x00000263a2d5e780, 0x00000263a2d5ea10]
Event: 65.036 Thread 0x00000263b606df30 6912       3       java.util.concurrent.locks.AbstractQueuedSynchronizer$Node::getAndUnsetStatus (14 bytes)
Event: 65.036 Thread 0x00000263b606df30 nmethod 6912 0x00000263a2d5ea88 code [0x00000263a2d5eb80, 0x00000263a2d5ef08]
Event: 65.036 Thread 0x00000263b606df30 6913       3       jdk.internal.misc.Unsafe::getAndBitwiseAndInt (27 bytes)
Event: 65.036 Thread 0x00000263b606df30 nmethod 6913 0x00000263a2d5ef88 code [0x00000263a2d5f080, 0x00000263a2d5f318]
Event: 68.849 Thread 0x00000263b606df30 6914       3       java.util.concurrent.ThreadPoolExecutor::isShutdown (12 bytes)
Event: 68.849 Thread 0x00000263b606df30 nmethod 6914 0x00000263a2d5f388 code [0x00000263a2d5f480, 0x00000263a2d5f6d0]
Event: 68.849 Thread 0x00000263b606df30 6915       3       java.util.concurrent.locks.ReentrantReadWriteLock::readLock (5 bytes)
Event: 68.850 Thread 0x00000263b606df30 nmethod 6915 0x00000263a2d5f708 code [0x00000263a2d5f800, 0x00000263a2d5f930]
Event: 68.850 Thread 0x00000263b606df30 6916       3       java.util.concurrent.locks.AbstractQueuedLongSynchronizer::signalNext (34 bytes)
Event: 68.850 Thread 0x00000263b606df30 nmethod 6916 0x00000263a2d5fa08 code [0x00000263a2d5fb00, 0x00000263a2d60468]
Event: 69.038 Thread 0x00000263b606df30 6917       3       java.util.concurrent.locks.ReentrantLock$NonfairSync::tryAcquire (27 bytes)
Event: 69.038 Thread 0x00000263b606df30 nmethod 6917 0x00000263a2d60488 code [0x00000263a2d60580, 0x00000263a2d60960]
Event: 69.657 Thread 0x00000263b6033610 6918       4       java.lang.String$CaseInsensitiveComparator::compare (68 bytes)

GC Heap Usage History (20 events):
Event: 10.424 {heap Before GC invocations=11 (full 0):
 garbage-first heap   total reserved 2037760K, committed 48128K, used 41966K [0x0000000083a00000, 0x0000000100000000)
  region size 1024K, 20 young (20480K), 3 survivors (3072K)
}
Event: 10.428 {heap After GC invocations=12 (full 0):
 garbage-first heap   total reserved 2037760K, committed 48128K, used 25735K [0x0000000083a00000, 0x0000000100000000)
  region size 1024K, 3 young (3072K), 3 survivors (3072K)
}
Event: 11.198 {heap Before GC invocations=12 (full 0):
 garbage-first heap   total reserved 2037760K, committed 48128K, used 41095K [0x0000000083a00000, 0x0000000100000000)
  region size 1024K, 19 young (19456K), 3 survivors (3072K)
}
Event: 11.202 {heap After GC invocations=13 (full 0):
 garbage-first heap   total reserved 2037760K, committed 48128K, used 27467K [0x0000000083a00000, 0x0000000100000000)
  region size 1024K, 3 young (3072K), 3 survivors (3072K)
}
Event: 11.801 {heap Before GC invocations=14 (full 0):
 garbage-first heap   total reserved 2037760K, committed 48128K, used 42827K [0x0000000083a00000, 0x0000000100000000)
  region size 1024K, 18 young (18432K), 3 survivors (3072K)
}
Event: 11.806 {heap After GC invocations=15 (full 0):
 garbage-first heap   total reserved 2037760K, committed 48128K, used 28453K [0x0000000083a00000, 0x0000000100000000)
  region size 1024K, 3 young (3072K), 3 survivors (3072K)
}
Event: 12.194 {heap Before GC invocations=15 (full 0):
 garbage-first heap   total reserved 2037760K, committed 48128K, used 41765K [0x0000000083a00000, 0x0000000100000000)
  region size 1024K, 17 young (17408K), 3 survivors (3072K)
}
Event: 12.200 {heap After GC invocations=16 (full 0):
 garbage-first heap   total reserved 2037760K, committed 48128K, used 28866K [0x0000000083a00000, 0x0000000100000000)
  region size 1024K, 2 young (2048K), 2 survivors (2048K)
}
Event: 12.622 {heap Before GC invocations=16 (full 0):
 garbage-first heap   total reserved 2037760K, committed 48128K, used 44226K [0x0000000083a00000, 0x0000000100000000)
  region size 1024K, 17 young (17408K), 2 survivors (2048K)
}
Event: 12.625 {heap After GC invocations=17 (full 0):
 garbage-first heap   total reserved 2037760K, committed 48128K, used 29523K [0x0000000083a00000, 0x0000000100000000)
  region size 1024K, 3 young (3072K), 3 survivors (3072K)
}
Event: 13.101 {heap Before GC invocations=18 (full 0):
 garbage-first heap   total reserved 2037760K, committed 51200K, used 42835K [0x0000000083a00000, 0x0000000100000000)
  region size 1024K, 17 young (17408K), 3 survivors (3072K)
}
Event: 13.105 {heap After GC invocations=19 (full 0):
 garbage-first heap   total reserved 2037760K, committed 51200K, used 30341K [0x0000000083a00000, 0x0000000100000000)
  region size 1024K, 3 young (3072K), 3 survivors (3072K)
}
Event: 13.818 {heap Before GC invocations=19 (full 0):
 garbage-first heap   total reserved 2037760K, committed 51200K, used 45701K [0x0000000083a00000, 0x0000000100000000)
  region size 1024K, 19 young (19456K), 3 survivors (3072K)
}
Event: 13.824 {heap After GC invocations=20 (full 0):
 garbage-first heap   total reserved 2037760K, committed 51200K, used 30676K [0x0000000083a00000, 0x0000000100000000)
  region size 1024K, 2 young (2048K), 2 survivors (2048K)
}
Event: 14.490 {heap Before GC invocations=20 (full 0):
 garbage-first heap   total reserved 2037760K, committed 51200K, used 47060K [0x0000000083a00000, 0x0000000100000000)
  region size 1024K, 19 young (19456K), 2 survivors (2048K)
}
Event: 14.495 {heap After GC invocations=21 (full 0):
 garbage-first heap   total reserved 2037760K, committed 52224K, used 32195K [0x0000000083a00000, 0x0000000100000000)
  region size 1024K, 3 young (3072K), 3 survivors (3072K)
}
Event: 15.271 {heap Before GC invocations=22 (full 0):
 garbage-first heap   total reserved 2037760K, committed 55296K, used 47555K [0x0000000083a00000, 0x0000000100000000)
  region size 1024K, 18 young (18432K), 3 survivors (3072K)
}
Event: 15.277 {heap After GC invocations=23 (full 0):
 garbage-first heap   total reserved 2037760K, committed 55296K, used 33595K [0x0000000083a00000, 0x0000000100000000)
  region size 1024K, 3 young (3072K), 3 survivors (3072K)
}
Event: 16.335 {heap Before GC invocations=23 (full 0):
 garbage-first heap   total reserved 2037760K, committed 55296K, used 51003K [0x0000000083a00000, 0x0000000100000000)
  region size 1024K, 20 young (20480K), 3 survivors (3072K)
}
Event: 16.342 {heap After GC invocations=24 (full 0):
 garbage-first heap   total reserved 2037760K, committed 57344K, used 34866K [0x0000000083a00000, 0x0000000100000000)
  region size 1024K, 3 young (3072K), 3 survivors (3072K)
}

Metaspace Usage History (20 events):
Event: 10.424 {metaspace Before GC invocations=11 (full 0):
 Metaspace       used 44192K, committed 44672K, reserved 1114112K
  class space    used 5873K, committed 6080K, reserved 1048576K
}
Event: 10.428 {metaspace After GC invocations=12 (full 0):
 Metaspace       used 44192K, committed 44672K, reserved 1114112K
  class space    used 5873K, committed 6080K, reserved 1048576K
}
Event: 11.198 {metaspace Before GC invocations=12 (full 0):
 Metaspace       used 48462K, committed 48960K, reserved 1114112K
  class space    used 6704K, committed 6912K, reserved 1048576K
}
Event: 11.202 {metaspace After GC invocations=13 (full 0):
 Metaspace       used 48462K, committed 48960K, reserved 1114112K
  class space    used 6704K, committed 6912K, reserved 1048576K
}
Event: 11.801 {metaspace Before GC invocations=14 (full 0):
 Metaspace       used 52961K, committed 53376K, reserved 1114112K
  class space    used 7450K, committed 7616K, reserved 1048576K
}
Event: 11.806 {metaspace After GC invocations=15 (full 0):
 Metaspace       used 52961K, committed 53376K, reserved 1114112K
  class space    used 7450K, committed 7616K, reserved 1048576K
}
Event: 12.194 {metaspace Before GC invocations=15 (full 0):
 Metaspace       used 56770K, committed 57216K, reserved 1114112K
  class space    used 7916K, committed 8128K, reserved 1048576K
}
Event: 12.200 {metaspace After GC invocations=16 (full 0):
 Metaspace       used 56770K, committed 57216K, reserved 1114112K
  class space    used 7916K, committed 8128K, reserved 1048576K
}
Event: 12.622 {metaspace Before GC invocations=16 (full 0):
 Metaspace       used 60998K, committed 61440K, reserved 1114112K
  class space    used 8456K, committed 8640K, reserved 1048576K
}
Event: 12.625 {metaspace After GC invocations=17 (full 0):
 Metaspace       used 60998K, committed 61440K, reserved 1114112K
  class space    used 8456K, committed 8640K, reserved 1048576K
}
Event: 13.101 {metaspace Before GC invocations=18 (full 0):
 Metaspace       used 66468K, committed 66944K, reserved 1114112K
  class space    used 9404K, committed 9600K, reserved 1048576K
}
Event: 13.105 {metaspace After GC invocations=19 (full 0):
 Metaspace       used 66468K, committed 66944K, reserved 1114112K
  class space    used 9404K, committed 9600K, reserved 1048576K
}
Event: 13.818 {metaspace Before GC invocations=19 (full 0):
 Metaspace       used 70827K, committed 71360K, reserved 1114112K
  class space    used 10174K, committed 10368K, reserved 1048576K
}
Event: 13.824 {metaspace After GC invocations=20 (full 0):
 Metaspace       used 70827K, committed 71360K, reserved 1114112K
  class space    used 10174K, committed 10368K, reserved 1048576K
}
Event: 14.490 {metaspace Before GC invocations=20 (full 0):
 Metaspace       used 73470K, committed 73920K, reserved 1114112K
  class space    used 10584K, committed 10752K, reserved 1048576K
}
Event: 14.495 {metaspace After GC invocations=21 (full 0):
 Metaspace       used 73470K, committed 73920K, reserved 1114112K
  class space    used 10584K, committed 10752K, reserved 1048576K
}
Event: 15.271 {metaspace Before GC invocations=22 (full 0):
 Metaspace       used 75053K, committed 75584K, reserved 1114112K
  class space    used 10868K, committed 11072K, reserved 1048576K
}
Event: 15.277 {metaspace After GC invocations=23 (full 0):
 Metaspace       used 75053K, committed 75584K, reserved 1114112K
  class space    used 10868K, committed 11072K, reserved 1048576K
}
Event: 16.335 {metaspace Before GC invocations=23 (full 0):
 Metaspace       used 77638K, committed 78208K, reserved 1179648K
  class space    used 11244K, committed 11456K, reserved 1048576K
}
Event: 16.342 {metaspace After GC invocations=24 (full 0):
 Metaspace       used 77638K, committed 78208K, reserved 1179648K
  class space    used 11244K, committed 11456K, reserved 1048576K
}

Dll operation events (10 events):
Event: 0.019 Loaded shared library E:\STS\sts-5.1.1.RELEASE\plugins\org.eclipse.justj.openjdk.hotspot.jre.full.win32.x86_64_25.0.2.v20260203-1141\jre\bin\java.dll
Event: 0.220 Loaded shared library E:\STS\sts-5.1.1.RELEASE\plugins\org.eclipse.justj.openjdk.hotspot.jre.full.win32.x86_64_25.0.2.v20260203-1141\jre\bin\zip.dll
Event: 0.234 Loaded shared library E:\STS\sts-5.1.1.RELEASE\plugins\org.eclipse.justj.openjdk.hotspot.jre.full.win32.x86_64_25.0.2.v20260203-1141\jre\bin\net.dll
Event: 0.238 Loaded shared library E:\STS\sts-5.1.1.RELEASE\plugins\org.eclipse.justj.openjdk.hotspot.jre.full.win32.x86_64_25.0.2.v20260203-1141\jre\bin\nio.dll
Event: 0.244 Loaded shared library E:\STS\sts-5.1.1.RELEASE\plugins\org.eclipse.justj.openjdk.hotspot.jre.full.win32.x86_64_25.0.2.v20260203-1141\jre\bin\zip.dll
Event: 0.559 Loaded shared library E:\STS\sts-5.1.1.RELEASE\plugins\org.eclipse.justj.openjdk.hotspot.jre.full.win32.x86_64_25.0.2.v20260203-1141\jre\bin\jimage.dll
Event: 1.382 Loaded shared library E:\STS\sts-5.1.1.RELEASE\plugins\org.eclipse.justj.openjdk.hotspot.jre.full.win32.x86_64_25.0.2.v20260203-1141\jre\bin\management.dll
Event: 1.389 Loaded shared library E:\STS\sts-5.1.1.RELEASE\plugins\org.eclipse.justj.openjdk.hotspot.jre.full.win32.x86_64_25.0.2.v20260203-1141\jre\bin\management_ext.dll
Event: 4.196 Loaded shared library E:\STS\sts-5.1.1.RELEASE\plugins\org.eclipse.justj.openjdk.hotspot.jre.full.win32.x86_64_25.0.2.v20260203-1141\jre\bin\sunmscapi.dll
Event: 9.147 Loaded shared library E:\STS\sts-5.1.1.RELEASE\plugins\org.eclipse.justj.openjdk.hotspot.jre.full.win32.x86_64_25.0.2.v20260203-1141\jre\bin\extnet.dll

Deoptimization events (20 events):
Event: 16.993 Thread 0x00000263bb39c9b0 Uncommon trap: trap_request=0xffffff45 fr.pc=0x00000263aa1a271c relative=0x000000000000011c
Event: 16.993 Thread 0x00000263bb39c9b0 Uncommon trap: reason=unstable_if action=reinterpret pc=0x00000263aa1a271c method=java.util.ArrayList.indexOfRange(Ljava/lang/Object;II)I @ 7 c2
Event: 16.993 Thread 0x00000263bb39c9b0 DEOPT PACKING pc=0x00000263aa1a271c sp=0x000000b071bfe470
Event: 16.993 Thread 0x00000263bb39c9b0 DEOPT UNPACKING pc=0x00000263a9aebe82 sp=0x000000b071bfe330 mode 2
Event: 16.995 Thread 0x00000263bb39c9b0 Uncommon trap: trap_request=0xffffff45 fr.pc=0x00000263aa1a477c relative=0x00000000000000fc
Event: 16.995 Thread 0x00000263bb39c9b0 Uncommon trap: reason=unstable_if action=reinterpret pc=0x00000263aa1a477c method=java.util.ArrayList.indexOfRange(Ljava/lang/Object;II)I @ 7 c2
Event: 16.995 Thread 0x00000263bb39c9b0 DEOPT PACKING pc=0x00000263aa1a477c sp=0x000000b071bfe780
Event: 16.995 Thread 0x00000263bb39c9b0 DEOPT UNPACKING pc=0x00000263a9aebe82 sp=0x000000b071bfe720 mode 2
Event: 17.015 Thread 0x00000263bb39c9b0 Uncommon trap: trap_request=0xffffffde fr.pc=0x00000263aa15cc00 relative=0x0000000000000380
Event: 17.015 Thread 0x00000263bb39c9b0 Uncommon trap: reason=class_check action=maybe_recompile pc=0x00000263aa15cc00 method=org.springframework.core.ResolvableType.resolveType()Lorg/springframework/core/ResolvableType; @ 44 c2
Event: 17.015 Thread 0x00000263bb39c9b0 DEOPT PACKING pc=0x00000263aa15cc00 sp=0x000000b071bfe2b0
Event: 17.015 Thread 0x00000263bb39c9b0 DEOPT UNPACKING pc=0x00000263a9aebe82 sp=0x000000b071bfe248 mode 2
Event: 17.015 Thread 0x00000263bb39c9b0 Uncommon trap: trap_request=0xffffffde fr.pc=0x00000263aa21ab60 relative=0x0000000000000960
Event: 17.015 Thread 0x00000263bb39c9b0 Uncommon trap: reason=class_check action=maybe_recompile pc=0x00000263aa21ab60 method=org.springframework.core.ResolvableType.resolveType()Lorg/springframework/core/ResolvableType; @ 44 c2
Event: 17.015 Thread 0x00000263bb39c9b0 DEOPT PACKING pc=0x00000263aa21ab60 sp=0x000000b071bfe360
Event: 17.015 Thread 0x00000263bb39c9b0 DEOPT UNPACKING pc=0x00000263a9aebe82 sp=0x000000b071bfe278 mode 2
Event: 17.015 Thread 0x00000263bb39c9b0 Uncommon trap: trap_request=0xffffffde fr.pc=0x00000263aa15cc00 relative=0x0000000000000380
Event: 17.015 Thread 0x00000263bb39c9b0 Uncommon trap: reason=class_check action=maybe_recompile pc=0x00000263aa15cc00 method=org.springframework.core.ResolvableType.resolveType()Lorg/springframework/core/ResolvableType; @ 44 c2
Event: 17.015 Thread 0x00000263bb39c9b0 DEOPT PACKING pc=0x00000263aa15cc00 sp=0x000000b071bfe2d0
Event: 17.015 Thread 0x00000263bb39c9b0 DEOPT UNPACKING pc=0x00000263a9aebe82 sp=0x000000b071bfe270 mode 2

Classes loaded (20 events):
Event: 17.021 Loading class java/beans/WeakIdentityMap done
Event: 17.021 Loading class java/beans/ThreadGroupContext$1 done
Event: 17.021 Loading class java/beans/WeakIdentityMap$Entry
Event: 17.021 Loading class java/beans/WeakIdentityMap$Entry done
Event: 17.021 Loading class com/sun/beans/introspect/ClassInfo
Event: 17.022 Loading class com/sun/beans/introspect/ClassInfo done
Event: 17.022 Loading class com/sun/beans/introspect/ClassInfo$1
Event: 17.022 Loading class com/sun/beans/util/Cache
Event: 17.022 Loading class com/sun/beans/util/Cache done
Event: 17.022 Loading class com/sun/beans/introspect/ClassInfo$1 done
Event: 17.022 Loading class com/sun/beans/util/Cache$Kind
Event: 17.022 Loading class com/sun/beans/util/Cache$Kind done
Event: 17.022 Loading class com/sun/beans/util/Cache$Kind$1
Event: 17.022 Loading class com/sun/beans/util/Cache$Kind$1 done
Event: 17.022 Loading class com/sun/beans/util/Cache$Kind$2
Event: 17.023 Loading class com/sun/beans/util/Cache$Kind$2 done
Event: 17.023 Loading class com/sun/beans/util/Cache$Kind$3
Event: 17.023 Loading class com/sun/beans/util/Cache$Kind$3 done
Event: 17.023 Loading class com/sun/beans/util/Cache$CacheEntry
Event: 17.023 Loading class com/sun/beans/util/Cache$CacheEntry done

Classes unloaded (0 events):
No events

Classes redefined (0 events):
No events

Internal exceptions (20 events):
Event: 13.623 Thread 0x00000263bb39c9b0 Exception <a 'java/lang/NoSuchMethodError'{0x000000008604a938}: 'void java.lang.invoke.DirectMethodHandle$Holder.invokeSpecial(java.lang.Object, java.lang.Object, int, java.lang.Object)'> (0x000000008604a938) 
thrown [s\src\hotspot\share\interpreter\linkResolver.cpp, line 804]
Event: 13.674 Thread 0x00000263bb39c9b0 Exception <a 'java/lang/NoSuchMethodError'{0x0000000085fb5f00}: 'int java.lang.invoke.DirectMethodHandle$Holder.invokeStatic(java.lang.Object, int, java.lang.Object)'> (0x0000000085fb5f00) 
thrown [s\src\hotspot\share\interpreter\linkResolver.cpp, line 804]
Event: 13.687 Thread 0x00000263bb39c9b0 Exception <a 'java/lang/NoSuchMethodError'{0x0000000085e2abd0}: 'java.lang.Object java.lang.invoke.DirectMethodHandle$Holder.newInvokeSpecial(java.lang.Object, java.lang.Object, java.lang.Object, java.lang.Object, java.lang.Object, java.lang.Object, java.lang.Object, java.lang.Object, java.lang.Object, java.lang.Object, java.lang.Object, java.lang.Object)'> (0x0000000085e2abd0) 
thrown [s\src\hotspot\share\interpreter\linkResolver.cpp, line 804]
Event: 13.687 Thread 0x00000263bb39c9b0 Exception <a 'java/lang/NoSuchMethodError'{0x0000000085e34870}: 'java.lang.Object java.lang.invoke.Invokers$Holder.linkToTargetMethod(java.lang.Object, java.lang.Object, java.lang.Object, java.lang.Object, java.lang.Object, java.lang.Object, java.lang.Object, java.lang.Object, java.lang.Object, java.lang.Object, java.lang.Object, java.lang.Object)'> (0x0000000085e34870) 
thrown [s\src\hotspot\share\interpreter\linkResolver.cpp, line 804]
Event: 13.754 Thread 0x00000263bb39c9b0 Exception <a 'java/lang/IncompatibleClassChangeError'{0x0000000085dff9f8}: Found class java.lang.Object, but interface was expected> (0x0000000085dff9f8) 
thrown [s\src\hotspot\share\interpreter\linkResolver.cpp, line 871]
Event: 13.776 Thread 0x00000263bb39c9b0 Exception <a 'java/lang/NoSuchMethodError'{0x00000000859c7f00}: 'java.lang.Object java.lang.invoke.DirectMethodHandle$Holder.newInvokeSpecial(java.lang.Object, java.lang.Object, int, java.lang.Object, int, java.lang.Object, java.lang.Object)'> (0x00000000859c7f00) 
thrown [s\src\hotspot\share\interpreter\linkResolver.cpp, line 804]
Event: 14.010 Thread 0x00000263bb39c9b0 Exception <a 'java/lang/NoSuchMethodError'{0x000000008ab506c0}: 'void java.lang.invoke.DirectMethodHandle$Holder.invokeStatic(java.lang.Object, java.lang.Object, java.lang.Object, java.lang.Object, java.lang.Object, java.lang.Object, java.lang.Object)'> (0x000000008ab506c0) 
thrown [s\src\hotspot\share\interpreter\linkResolver.cpp, line 804]
Event: 14.121 Thread 0x00000263bb39c9b0 Implicit null exception at 0x00000263aa1aaab8 to 0x00000263aa1aadc8
Event: 14.180 Thread 0x00000263bb39c9b0 Implicit null exception at 0x00000263aa0066ed to 0x00000263aa007d24
Event: 14.191 Thread 0x00000263bb39c9b0 Exception <a 'java/lang/IncompatibleClassChangeError'{0x000000008613deb8}: Found class java.lang.Object, but interface was expected> (0x000000008613deb8) 
thrown [s\src\hotspot\share\interpreter\linkResolver.cpp, line 871]
Event: 14.279 Thread 0x00000263bb39c9b0 Exception <a 'java/lang/IncompatibleClassChangeError'{0x00000000860dff58}: Found class java.lang.Object, but interface was expected> (0x00000000860dff58) 
thrown [s\src\hotspot\share\interpreter\linkResolver.cpp, line 871]
Event: 14.614 Thread 0x00000263bb39c9b0 Exception <a 'java/lang/NoSuchMethodError'{0x000000008aeecbb8}: 'int java.lang.invoke.DirectMethodHandle$Holder.invokeStaticInit(java.lang.Object, int, java.lang.Object, java.lang.Object, java.lang.Object, java.lang.Object)'> (0x000000008aeecbb8) 
thrown [s\src\hotspot\share\interpreter\linkResolver.cpp, line 804]
Event: 14.735 Thread 0x00000263bb39c9b0 Exception <a 'java/lang/NoSuchMethodError'{0x000000008ab59668}: 'java.lang.Object java.lang.invoke.DirectMethodHandle$Holder.invokeInterface(java.lang.Object, java.lang.Object, java.lang.Object, java.lang.Object)'> (0x000000008ab59668) 
thrown [s\src\hotspot\share\interpreter\linkResolver.cpp, line 804]
Event: 14.925 Thread 0x00000263bb39c9b0 Exception <a 'java/io/IOException'{0x00000000867643c8}> (0x00000000867643c8) 
thrown [s\src\hotspot\share\prims\jni.cpp, line 516]
Event: 15.125 Thread 0x00000263bb39c9b0 Exception <a 'java/lang/NoSuchMethodError'{0x000000008620d6d8}: 'java.lang.Object java.lang.invoke.DirectMethodHandle$Holder.invokeVirtual(java.lang.Object, java.lang.Object, java.lang.Object, int)'> (0x000000008620d6d8) 
thrown [s\src\hotspot\share\interpreter\linkResolver.cpp, line 804]
Event: 15.366 Thread 0x00000263bb39c9b0 Exception <a 'java/lang/IncompatibleClassChangeError'{0x000000008ae79710}: Found class java.lang.Object, but interface was expected> (0x000000008ae79710) 
thrown [s\src\hotspot\share\interpreter\linkResolver.cpp, line 871]
Event: 15.546 Thread 0x00000263bb39c9b0 Exception <a 'java/lang/NoSuchMethodError'{0x000000008aa20488}: 'int java.lang.invoke.DirectMethodHandle$Holder.invokeStaticInit(java.lang.Object, java.lang.Object, java.lang.Object, java.lang.Object)'> (0x000000008aa20488) 
thrown [s\src\hotspot\share\interpreter\linkResolver.cpp, line 804]
Event: 15.747 Thread 0x00000263bb39c9b0 Exception <a 'java/lang/IncompatibleClassChangeError'{0x00000000867ad920}: Found class java.lang.Object, but interface was expected> (0x00000000867ad920) 
thrown [s\src\hotspot\share\interpreter\linkResolver.cpp, line 871]
Event: 15.758 Thread 0x00000263bb39c9b0 Implicit null exception at 0x00000263aa0a2ba5 to 0x00000263aa0a2cec
Event: 16.947 Thread 0x00000263bb39c9b0 Exception <a 'java/lang/NoSuchMethodError'{0x00000000865026f8}: 'java.lang.Object java.lang.invoke.DirectMethodHandle$Holder.newInvokeSpecial(java.lang.Object, java.lang.Object, int, java.lang.Object, java.lang.Object)'> (0x00000000865026f8) 
thrown [s\src\hotspot\share\interpreter\linkResolver.cpp, line 804]

VM Operations (20 events):
Event: 15.271 Executing safepoint VM operation: G1CollectForAllocation (G1 Evacuation Pause)
Event: 15.277 Executing safepoint VM operation: G1CollectForAllocation (G1 Evacuation Pause) done
Event: 15.286 Executing non-safepoint VM operation: HandshakeAllThreads (Deoptimize)
Event: 15.286 Executing non-safepoint VM operation: HandshakeAllThreads (Deoptimize) done
Event: 15.298 Executing non-safepoint VM operation: HandshakeAllThreads (Deoptimize)
Event: 15.298 Executing non-safepoint VM operation: HandshakeAllThreads (Deoptimize) done
Event: 15.299 Executing non-safepoint VM operation: HandshakeAllThreads (Deoptimize)
Event: 15.299 Executing non-safepoint VM operation: HandshakeAllThreads (Deoptimize) done
Event: 15.386 Executing non-safepoint VM operation: HandshakeAllThreads (Deoptimize)
Event: 15.386 Executing non-safepoint VM operation: HandshakeAllThreads (Deoptimize) done
Event: 15.499 Executing non-safepoint VM operation: HandshakeAllThreads (Deoptimize)
Event: 15.499 Executing non-safepoint VM operation: HandshakeAllThreads (Deoptimize) done
Event: 16.099 Executing non-safepoint VM operation: HandshakeAllThreads (Deoptimize)
Event: 16.099 Executing non-safepoint VM operation: HandshakeAllThreads (Deoptimize) done
Event: 16.335 Executing safepoint VM operation: G1CollectForAllocation (G1 Evacuation Pause)
Event: 16.342 Executing safepoint VM operation: G1CollectForAllocation (G1 Evacuation Pause) done
Event: 60.163 Executing non-safepoint VM operation: HandshakeAllThreads (HandshakeForDeflation)
Event: 60.163 Executing non-safepoint VM operation: HandshakeAllThreads (HandshakeForDeflation) done
Event: 60.163 Executing non-safepoint VM operation: RendezvousGCThreads
Event: 60.163 Executing non-safepoint VM operation: RendezvousGCThreads done

Memory protections (0 events):
No events

Nmethod flushes (20 events):
Event: 14.574 Thread 0x00000263b6012130 flushing  nmethod 0x00000263a2b55788
Event: 14.574 Thread 0x00000263b6012130 flushing  nmethod 0x00000263a2c0d008
Event: 14.574 Thread 0x00000263b6012130 flushing  nmethod 0x00000263a2c0d308
Event: 14.574 Thread 0x00000263b6012130 flushing  nmethod 0x00000263aa1a4588
Event: 14.574 Thread 0x00000263b6012130 flushing  nmethod 0x00000263a2578c08
Event: 14.574 Thread 0x00000263b6012130 flushing  nmethod 0x00000263a2580988
Event: 14.574 Thread 0x00000263b6012130 flushing  nmethod 0x00000263a2597988
Event: 14.574 Thread 0x00000263b6012130 flushing  nmethod 0x00000263a2636888
Event: 14.574 Thread 0x00000263b6012130 flushing  nmethod 0x00000263a267a608
Event: 14.574 Thread 0x00000263b6012130 flushing  nmethod 0x00000263a26ac788
Event: 14.574 Thread 0x00000263b6012130 flushing  nmethod 0x00000263a26f3708
Event: 14.574 Thread 0x00000263b6012130 flushing  nmethod 0x00000263a26f3f08
Event: 14.574 Thread 0x00000263b6012130 flushing  nmethod 0x00000263a2835488
Event: 14.574 Thread 0x00000263b6012130 flushing  nmethod 0x00000263a284f188
Event: 14.574 Thread 0x00000263b6012130 flushing  nmethod 0x00000263a2851988
Event: 14.574 Thread 0x00000263b6012130 flushing  nmethod 0x00000263a28adc08
Event: 14.574 Thread 0x00000263b6012130 flushing  nmethod 0x00000263a28dd688
Event: 14.574 Thread 0x00000263b6012130 flushing  nmethod 0x00000263a28e6088
Event: 14.574 Thread 0x00000263b6012130 flushing  nmethod 0x00000263a2abe288
Event: 14.574 Thread 0x00000263b6012130 flushing  nmethod 0x00000263a2bb3b08

Events (20 events):
Event: 14.056 Thread 0x00000263b606df30 Thread added: 0x00000263bdb71060
Event: 15.978 Thread 0x00000263bb39c9b0 Thread added: 0x00000263bce38f80
Event: 16.137 Thread 0x00000263bb300190 Thread exited: 0x00000263bb300190
Event: 16.964 Thread 0x00000263bb39c9b0 Thread added: 0x00000263bce3aec0
Event: 16.964 Thread 0x00000263bb39c9b0 Thread added: 0x00000263bce37fe0
Event: 16.964 Thread 0x00000263bb39c9b0 Thread added: 0x00000263bce3be60
Event: 16.965 Thread 0x00000263bb39c9b0 Thread added: 0x00000263bce3dda0
Event: 16.965 Thread 0x00000263bb39c9b0 Thread added: 0x00000263bce3c630
Event: 16.965 Thread 0x00000263bb39c9b0 Thread added: 0x00000263bce3ed40
Event: 16.965 Thread 0x00000263bb39c9b0 Thread added: 0x00000263bce3ce00
Event: 16.965 Thread 0x00000263bb39c9b0 Thread added: 0x00000263bce3e570
Event: 16.965 Thread 0x00000263bb39c9b0 Thread added: 0x00000263bce3d5d0
Event: 16.965 Thread 0x00000263bb39c9b0 Thread added: 0x00000263bb2fc310
Event: 16.984 Thread 0x00000263bb39c9b0 Thread added: 0x00000263bdd2f310
Event: 16.986 Thread 0x00000263bb39c9b0 Thread added: 0x00000263bdd302b0
Event: 17.020 Thread 0x00000263bb39c9b0 Thread exited: 0x00000263bb39c9b0
Event: 17.024 Thread 0x00000263bb39a0c0 Thread exited: 0x00000263bb39a0c0
Event: 17.024 Thread 0x000002639c429f70 Thread exited: 0x000002639c429f70
Event: 17.024 Thread 0x00000263bdd2eb40 Thread added: 0x00000263bdd2eb40
Event: 17.709 Thread 0x00000263bdb71060 Thread exited: 0x00000263bdb71060


Dynamic libraries:
0x00007ff7ea4a0000 - 0x00007ff7ea4ae000 	E:\STS\sts-5.1.1.RELEASE\plugins\org.eclipse.justj.openjdk.hotspot.jre.full.win32.x86_64_25.0.2.v20260203-1141\jre\bin\javaw.exe
0x00007ff83bd00000 - 0x00007ff83bf66000 	C:\WINDOWS\SYSTEM32\ntdll.dll
0x00007ff83b1b0000 - 0x00007ff83b279000 	C:\WINDOWS\System32\KERNEL32.DLL
0x00007ff839080000 - 0x00007ff839480000 	C:\WINDOWS\System32\KERNELBASE.dll
0x00007ff838f20000 - 0x00007ff83906c000 	C:\WINDOWS\System32\ucrtbase.dll
0x00007ff8227b0000 - 0x00007ff8227ce000 	E:\STS\sts-5.1.1.RELEASE\plugins\org.eclipse.justj.openjdk.hotspot.jre.full.win32.x86_64_25.0.2.v20260203-1141\jre\bin\VCRUNTIME140.dll
0x00007ff8235b0000 - 0x00007ff8235c6000 	E:\STS\sts-5.1.1.RELEASE\plugins\org.eclipse.justj.openjdk.hotspot.jre.full.win32.x86_64_25.0.2.v20260203-1141\jre\bin\jli.dll
0x00007ff83b640000 - 0x00007ff83b807000 	C:\WINDOWS\System32\USER32.dll
0x00007ff839a00000 - 0x00007ff839a27000 	C:\WINDOWS\System32\win32u.dll
0x00007ff8264d0000 - 0x00007ff826762000 	C:\WINDOWS\WinSxS\amd64_microsoft.windows.common-controls_6595b64144ccf1df_6.0.26100.8737_none_3e092eaee333b772\COMCTL32.dll
0x00007ff83ba80000 - 0x00007ff83bb29000 	C:\WINDOWS\System32\msvcrt.dll
0x00007ff83a6f0000 - 0x00007ff83a71b000 	C:\WINDOWS\System32\GDI32.dll
0x00007ff839550000 - 0x00007ff839679000 	C:\WINDOWS\System32\gdi32full.dll
0x00007ff839710000 - 0x00007ff8397b3000 	C:\WINDOWS\System32\msvcp_win.dll
0x00007ff83a720000 - 0x00007ff83a752000 	C:\WINDOWS\System32\IMM32.DLL
0x00007ff823620000 - 0x00007ff82362c000 	E:\STS\sts-5.1.1.RELEASE\plugins\org.eclipse.justj.openjdk.hotspot.jre.full.win32.x86_64_25.0.2.v20260203-1141\jre\bin\vcruntime140_1.dll
0x00007fffd2a90000 - 0x00007fffd2b1d000 	E:\STS\sts-5.1.1.RELEASE\plugins\org.eclipse.justj.openjdk.hotspot.jre.full.win32.x86_64_25.0.2.v20260203-1141\jre\bin\msvcp140.dll
0x00007fffcb060000 - 0x00007fffcbf86000 	E:\STS\sts-5.1.1.RELEASE\plugins\org.eclipse.justj.openjdk.hotspot.jre.full.win32.x86_64_25.0.2.v20260203-1141\jre\bin\server\jvm.dll
0x00007ff83bb50000 - 0x00007ff83bc07000 	C:\WINDOWS\System32\ADVAPI32.dll
0x00007ff83bc10000 - 0x00007ff83bcba000 	C:\WINDOWS\System32\sechost.dll
0x00007ff83abf0000 - 0x00007ff83ad08000 	C:\WINDOWS\System32\RPCRT4.dll
0x00007ff83a660000 - 0x00007ff83a6e0000 	C:\WINDOWS\System32\WS2_32.dll
0x00007ff838da0000 - 0x00007ff838dfe000 	C:\WINDOWS\SYSTEM32\POWRPROF.dll
0x00007ff821b70000 - 0x00007ff821ba6000 	C:\WINDOWS\SYSTEM32\WINMM.dll
0x00007ff82a970000 - 0x00007ff82a97b000 	C:\WINDOWS\SYSTEM32\VERSION.dll
0x00007ff838d80000 - 0x00007ff838d94000 	C:\WINDOWS\SYSTEM32\UMPDC.dll
0x00007ff837be0000 - 0x00007ff837bfb000 	C:\WINDOWS\SYSTEM32\kernel.appcore.dll
0x00007ff833750000 - 0x00007ff83375a000 	E:\STS\sts-5.1.1.RELEASE\plugins\org.eclipse.justj.openjdk.hotspot.jre.full.win32.x86_64_25.0.2.v20260203-1141\jre\bin\jimage.dll
0x00007ff836420000 - 0x00007ff836662000 	C:\WINDOWS\SYSTEM32\DBGHELP.DLL
0x00007ff839b30000 - 0x00007ff839eb3000 	C:\WINDOWS\System32\combase.dll
0x00007ff83af10000 - 0x00007ff83afe9000 	C:\WINDOWS\System32\OLEAUT32.dll
0x00007ff80e1f0000 - 0x00007ff80e22b000 	C:\WINDOWS\SYSTEM32\dbgcore.DLL
0x00007ff839940000 - 0x00007ff8399ec000 	C:\WINDOWS\System32\bcryptPrimitives.dll
0x00007ff82a5b0000 - 0x00007ff82a5ce000 	E:\STS\sts-5.1.1.RELEASE\plugins\org.eclipse.justj.openjdk.hotspot.jre.full.win32.x86_64_25.0.2.v20260203-1141\jre\bin\java.dll
0x00007ff83b010000 - 0x00007ff83b1a9000 	C:\WINDOWS\System32\ole32.dll
0x00007ff839ec0000 - 0x00007ff83a652000 	C:\WINDOWS\System32\SHELL32.dll
0x00007ff8369a0000 - 0x00007ff837232000 	C:\WINDOWS\SYSTEM32\windows.storage.dll
0x00007ff839a30000 - 0x00007ff839b27000 	C:\WINDOWS\System32\SHCORE.dll
0x00007ff83aea0000 - 0x00007ff83af07000 	C:\WINDOWS\System32\shlwapi.dll
0x00007ff838e40000 - 0x00007ff838e69000 	C:\WINDOWS\SYSTEM32\profapi.dll
0x00007ff823590000 - 0x00007ff8235a7000 	E:\STS\sts-5.1.1.RELEASE\plugins\org.eclipse.justj.openjdk.hotspot.jre.full.win32.x86_64_25.0.2.v20260203-1141\jre\bin\zip.dll
0x00007ff823570000 - 0x00007ff823581000 	E:\STS\sts-5.1.1.RELEASE\plugins\org.eclipse.justj.openjdk.hotspot.jre.full.win32.x86_64_25.0.2.v20260203-1141\jre\bin\net.dll
0x00007ff8381b0000 - 0x00007ff83821c000 	C:\WINDOWS\system32\mswsock.dll
0x00007ff823550000 - 0x00007ff823566000 	E:\STS\sts-5.1.1.RELEASE\plugins\org.eclipse.justj.openjdk.hotspot.jre.full.win32.x86_64_25.0.2.v20260203-1141\jre\bin\nio.dll
0x00007ff822f80000 - 0x00007ff822f8a000 	E:\STS\sts-5.1.1.RELEASE\plugins\org.eclipse.justj.openjdk.hotspot.jre.full.win32.x86_64_25.0.2.v20260203-1141\jre\bin\management.dll
0x00007ff822f30000 - 0x00007ff822f3c000 	E:\STS\sts-5.1.1.RELEASE\plugins\org.eclipse.justj.openjdk.hotspot.jre.full.win32.x86_64_25.0.2.v20260203-1141\jre\bin\management_ext.dll
0x00007ff83b2e0000 - 0x00007ff83b2e8000 	C:\WINDOWS\System32\PSAPI.DLL
0x00007ff825480000 - 0x00007ff82548e000 	E:\STS\sts-5.1.1.RELEASE\plugins\org.eclipse.justj.openjdk.hotspot.jre.full.win32.x86_64_25.0.2.v20260203-1141\jre\bin\sunmscapi.dll
0x00007ff8397c0000 - 0x00007ff839938000 	C:\WINDOWS\System32\CRYPT32.dll
0x00007ff8386f0000 - 0x00007ff838720000 	C:\WINDOWS\SYSTEM32\ncrypt.dll
0x00007ff8386a0000 - 0x00007ff8386df000 	C:\WINDOWS\SYSTEM32\NTASN1.dll
0x00007ff8384b0000 - 0x00007ff8384cb000 	C:\WINDOWS\SYSTEM32\CRYPTSP.dll
0x00007ff837b30000 - 0x00007ff837b69000 	C:\WINDOWS\system32\rsaenh.dll
0x00007ff838270000 - 0x00007ff8382a2000 	C:\WINDOWS\SYSTEM32\USERENV.dll
0x00007ff838e10000 - 0x00007ff838e3a000 	C:\WINDOWS\SYSTEM32\bcrypt.dll
0x00007ff8384d0000 - 0x00007ff8384dc000 	C:\WINDOWS\SYSTEM32\CRYPTBASE.dll
0x00007ff8375c0000 - 0x00007ff8375f3000 	C:\WINDOWS\SYSTEM32\IPHLPAPI.DLL
0x00007ff83b9e0000 - 0x00007ff83b9ea000 	C:\WINDOWS\System32\NSI.dll
0x00007ff837670000 - 0x00007ff8377c5000 	C:\WINDOWS\SYSTEM32\DNSAPI.dll
0x00007ff837fb0000 - 0x00007ff837fbd000 	C:\WINDOWS\SYSTEM32\DSPARSE.dll
0x00007ff82a100000 - 0x00007ff82a10b000 	C:\Windows\System32\rasadhlp.dll
0x00007ff82a300000 - 0x00007ff82a386000 	C:\WINDOWS\System32\fwpuclnt.dll
0x00007ff823510000 - 0x00007ff823519000 	E:\STS\sts-5.1.1.RELEASE\plugins\org.eclipse.justj.openjdk.hotspot.jre.full.win32.x86_64_25.0.2.v20260203-1141\jre\bin\extnet.dll
0x00007ff825770000 - 0x00007ff825778000 	C:\WINDOWS\system32\wshunix.dll

JVMTI agents: none

dbghelp: loaded successfully - version: 4.0.5 - missing functions: none
symbol engine: initialized successfully - sym options: 0x614 - pdb path: .;E:\STS\sts-5.1.1.RELEASE\plugins\org.eclipse.justj.openjdk.hotspot.jre.full.win32.x86_64_25.0.2.v20260203-1141\jre\bin;C:\WINDOWS\SYSTEM32;C:\WINDOWS\WinSxS\amd64_microsoft.windows.common-controls_6595b64144ccf1df_6.0.26100.8737_none_3e092eaee333b772;E:\STS\sts-5.1.1.RELEASE\plugins\org.eclipse.justj.openjdk.hotspot.jre.full.win32.x86_64_25.0.2.v20260203-1141\jre\bin\server

VM Arguments:
jvm_args: -Dfile.encoding=UTF-8 -Dstdout.encoding=UTF-8 -Dstderr.encoding=UTF-8 -XX:+ShowCodeDetailsInExceptionMessages 
java_command: com.app.BackendWebBasedSubscriptionAndBillingSystemApplication
java_class_path (initial): E:\project\Web-Based-Subscription-and-Billing-System\target\classes;C:\Users\DELL\.m2\repository\org\springframework\boot\spring-boot-starter-data-jpa\4.1.0\spring-boot-starter-data-jpa-4.1.0.jar;C:\Users\DELL\.m2\repository\org\springframework\boot\spring-boot-starter\4.1.0\spring-boot-starter-4.1.0.jar;C:\Users\DELL\.m2\repository\org\springframework\boot\spring-boot-starter-logging\4.1.0\spring-boot-starter-logging-4.1.0.jar;C:\Users\DELL\.m2\repository\ch\qos\logback\logback-classic\1.5.34\logback-classic-1.5.34.jar;C:\Users\DELL\.m2\repository\ch\qos\logback\logback-core\1.5.34\logback-core-1.5.34.jar;C:\Users\DELL\.m2\repository\org\apache\logging\log4j\log4j-to-slf4j\2.25.4\log4j-to-slf4j-2.25.4.jar;C:\Users\DELL\.m2\repository\org\apache\logging\log4j\log4j-api\2.25.4\log4j-api-2.25.4.jar;C:\Users\DELL\.m2\repository\org\slf4j\jul-to-slf4j\2.0.18\jul-to-slf4j-2.0.18.jar;C:\Users\DELL\.m2\repository\jakarta\annotation\jakarta.annotation-api\3.0.0\jakarta.annotation-api-3.0.0.jar;C:\Users\DELL\.m2\repository\org\yaml\snakeyaml\2.6\snakeyaml-2.6.jar;C:\Users\DELL\.m2\repository\org\springframework\boot\spring-boot-starter-jdbc\4.1.0\spring-boot-starter-jdbc-4.1.0.jar;C:\Users\DELL\.m2\repository\com\zaxxer\HikariCP\7.0.2\HikariCP-7.0.2.jar;C:\Users\DELL\.m2\repository\org\slf4j\slf4j-api\2.0.18\slf4j-api-2.0.18.jar;C:\Users\DELL\.m2\repository\org\springframework\boot\spring-boot-data-jpa\4.1.0\spring-boot-data-jpa-4.1.0.jar;C:\Users\DELL\.m2\repository\org\springframework\boot\spring-boot-data-commons\4.1.0\spring-boot-data-commons-4.1.0.jar;C:\Users\DELL\.m2\repository\org\springframework\boot\spring-boot-persistence\4.1.0\spring-boot-persistence-4.1.0.jar;C:\Users\DELL\.m2\repository\org\springframework\data\spring-data-commons\4.1.0\spring-data-commons-4.1.0.jar;C:\Users\DELL\.m2\repository\org\springframework\boot\spring-boot-hibernate\4.1.0\spring-boot-hibernate-4.1.0.jar;C:\Users\DELL\.m2\repository\org\springframework\boot\spring-boot-jpa\4.1.0\spring-boot-jpa-4.1.0.jar;C:\Users\DELL\.m2\repository\jakarta\persistence\jakarta.persistence-api\3.2.0\jakarta.persistence-api-3.2.0.jar;C:\Users\DELL\.m2\repository\org\hibernate\orm\hibernate-core\7.4.1.Final\hibernate-core-7.4.1.Final.jar;C:\Users\DELL\.m2\repository\jakarta\transaction\jakarta.transaction-api\2.0.1\jakarta.transaction-api-2.0.1.jar;C:\Users\DELL\.m2\repository\org\hibernate\models\hibernate-models\1.1.1\hibernate-models-1.1.1.jar;C:\Users\DELL\.m2\repository\org\glassfish\jaxb\jaxb-runtime\4.0.9\jaxb-runtime-4.0.9.jar;C:\Users\DELL\.m2\repository\org\glassfish\jaxb\jaxb-core\4.0.9\jaxb-core-4.0.9.jar;C:\Users\DELL\.m2\repository\org\glassfish\jaxb\txw2\4.0.9\txw2-4.0.9.jar;C:\Users\DELL\.m2\repository\com\sun\istack\istack-commons-runtime\4.1.2\istack-commons-runtime-4.1.2.jar;C:\Users\DELL\.m2\repository\jakarta\inject\jakarta.inject-api\2.0.1\jakarta.inject-api-2.0.1.jar;C:\Users\DELL\.m2\repository\org\springframework\spring-orm\7.0.8\spring-orm-7.0.8.jar;C:\Users\DELL\.m2\repository\org\springframework\data\spring-data-jpa\4.1.0\spring-data-jpa-4.1.0.jar;C:\Users\DELL\.m2\repository\org\springframework\spring-tx\7.0.8\spring-tx-7.0.8.jar;C:\Users\DELL\.m2\repository\org\antlr\antlr4-runtime\4.13.2\antlr4-runtime-4.13.2.jar;C:\Users\DELL\.m2\repository\org\springframework\spring-aspects\7.0.8\spring-aspects-7.0.8.jar;C:\Users\DELL\.m2\repository\org\aspectj\aspectjweaver\1.9.25.1\aspectjweaver-1.9.25.1.jar;C:\Users\DELL\.m2\repository\org\springframework\boot\spring-boot-jdbc\4.1.0\spring-boot-jdbc-4.1.0.jar;C:\Users\DELL\.m2\repository\org\springframework\boot\spring-boot-sql\4.1.0\spring-boot-sql-4.1.0.jar;C:\Users\DELL\.m2\repository\org\springframework\boot\spring-boot-transaction\4.1.0\spring-boot-transaction-4.1.0.jar;C:\Users\DELL\.m2\repository\org\springframework\spring-jdbc\7.0.8\spring-jdbc-7.0.8.jar;C:\Users\DELL\.m2\repository\org\springframework\boot\spring-boot-starter-flyway\4.1.0\spring-boot-starter-flyway-4.1.0.jar;C:\Users\DELL\.m2\repository\org\springframework\boot\spring-boot-flyway\4.1.0\spring-boot-flyway-4.1.0.jar;C:\Users\DELL\.m2\repository\org\springframework\boot\spring-boot-starter-mail\4.1.0\spring-boot-starter-mail-4.1.0.jar;C:\Users\DELL\.m2\repository\org\springframework\boot\spring-boot-mail\4.1.0\spring-boot-mail-4.1.0.jar;C:\Users\DELL\.m2\repository\org\springframework\spring-context-support\7.0.8\spring-context-support-7.0.8.jar;C:\Users\DELL\.m2\repository\jakarta\mail\jakarta.mail-api\2.1.5\jakarta.mail-api-2.1.5.jar;C:\Users\DELL\.m2\repository\jakarta\activation\jakarta.activation-api\2.1.4\jakarta.activation-api-2.1.4.jar;C:\Users\DELL\.m2\repository\org\eclipse\angus\angus-mail\2.0.5\angus-mail-2.0.5.jar;C:\Users\DELL\.m2\repository\org\eclipse\angus\angus-activation\2.0.3\angus-activation-2.0.3.jar;C:\Users\DELL\.m2\repository\org\springframework\boot\spring-boot-starter-security\4.1.0\spring-boot-starter-security-4.1.0.jar;C:\Users\DELL\.m2\repository\org\springframework\boot\spring-boot-security\4.1.0\spring-boot-security-4.1.0.jar;C:\Users\DELL\.m2\repository\org\springframework\security\spring-security-config\7.1.0\spring-security-config-7.1.0.jar;C:\Users\DELL\.m2\repository\org\springframework\security\spring-security-core\7.1.0\spring-security-core-7.1.0.jar;C:\Users\DELL\.m2\repository\org\springframework\security\spring-security-crypto\7.1.0\spring-security-crypto-7.1.0.jar;C:\Users\DELL\.m2\repository\org\springframework\security\spring-security-web\7.1.0\spring-security-web-7.1.0.jar;C:\Users\DELL\.m2\repository\org\springframework\spring-expression\7.0.8\spring-expression-7.0.8.jar;C:\Users\DELL\.m2\repository\org\springframework\spring-aop\7.0.8\spring-aop-7.0.8.jar;C:\Users\DELL\.m2\repository\org\springframework\spring-beans\7.0.8\spring-beans-7.0.8.jar;C:\Users\DELL\.m2\repository\org\springframework\spring-core\7.0.8\spring-core-7.0.8.jar;C:\Users\DELL\.m2\repository\commons-logging\commons-logging\1.3.6\commons-logging-1.3.6.jar;C:\Users\DELL\.m2\repository\org\jspecify\jspecify\1.0.0\jspecify-1.0.0.jar;C:\Users\DELL\.m2\repository\org\springframework\boot\spring-boot-starter-validation\4.1.0\spring-boot-starter-validation-4.1.0.jar;C:\Users\DELL\.m2\repository\org\springframework\boot\spring-boot-validation\4.1.0\spring-boot-validation-4.1.0.jar;C:\Users\DELL\.m2\repository\org\apache\tomcat\embed\tomcat-embed-el\11.0.22\tomcat-embed-el-11.0.22.jar;C:\Users\DELL\.m2\repository\org\hibernate\validator\hibernate-validator\9.1.0.Final\hibernate-validator-9.1.0.Final.jar;C:\Users\DELL\.m2\repository\jakarta\validation\jakarta.validation-api\3.1.1\jakarta.validation-api-3.1.1.jar;C:\Users\DELL\.m2\repository\org\jboss\logging\jboss-logging\3.6.3.Final\jboss-logging-3.6.3.Final.jar;C:\Users\DELL\.m2\repository\com\fasterxml\classmate\1.7.3\classmate-1.7.3.jar;C:\Users\DELL\.m2\repository\org\springframework\boot\spring-boot-starter-webmvc\4.1.0\spring-boot-starter-webmvc-4.1.0.jar;C:\Users\DELL\.m2\repository\org\springframework\boot\spring-boot-starter-jackson\4.1.0\spring-boot-starter-jackson-4.1.0.jar;C:\Users\DELL\.m2\repository\org\springframework\boot\spring-boot-jackson\4.1.0\spring-boot-jackson-4.1.0.jar;C:\Users\DELL\.m2\repository\org\springframework\boot\spring-boot-starter-tomcat\4.1.0\spring-boot-starter-tomcat-4.1.0.jar;C:\Users\DELL\.m2\repository\org\springframework\boot\spring-boot-starter-tomcat-runtime\4.1.0\spring-boot-starter-tomcat-runtime-4.1.0.jar;C:\Users\DELL\.m2\repository\org\apache\tomcat\embed\tomcat-embed-core\11.0.22\tomcat-embed-core-11.0.22.jar;C:\Users\DELL\.m2\repository\org\apache\tomcat\embed\tomcat-embed-websocket\11.0.22\tomcat-embed-websocket-11.0.22.jar;C:\Users\DELL\.m2\repository\org\springframework\boot\spring-boot-tomcat\4.1.0\spring-boot-tomcat-4.1.0.jar;C:\Users\DELL\.m2\repository\org\springframework\boot\spring-boot-http-converter\4.1.0\spring-boot-http-converter-4.1.0.jar;C:\Users\DELL\.m2\repository\org\springframework\spring-web\7.0.8\spring-web-7.0.8.jar;C:\Users\DELL\.m2\repository\io\micrometer\micrometer-observation\1.17.0\micrometer-observation-1.17.0.jar;C:\Users\DELL\.m2\repository\io\micrometer\micrometer-commons\1.17.0\micrometer-commons-1.17.0.jar;C:\Users\DELL\.m2\repository\org\springframework\boot\spring-boot-webmvc\4.1.0\spring-boot-webmvc-4.1.0.jar;C:\Users\DELL\.m2\repository\org\springframework\boot\spring-boot-servlet\4.1.0\spring-boot-servlet-4.1.0.jar;C:\Users\DELL\.m2\repository\org\springframework\spring-webmvc\7.0.8\spring-webmvc-7.0.8.jar;C:\Users\DELL\.m2\repository\org\flywaydb\flyway-database-postgresql\12.4.0\flyway-database-postgresql-12.4.0.jar;C:\Users\DELL\.m2\repository\org\flywaydb\flyway-core\12.4.0\flyway-core-12.4.0.jar;C:\Users\DELL\.m2\repository\tools\jackson\core\jackson-databind\3.1.4\jackson-databind-3.1.4.jar;C:\Users\DELL\.m2\repository\tools\jackson\core\jackson-core\3.1.4\jackson-core-3.1.4.jar;C:\Users\DELL\.m2\repository\org\springframework\boot\spring-boot-devtools\4.1.0\spring-boot-devtools-4.1.0.jar;C:\Users\DELL\.m2\repository\org\springframework\boot\spring-boot\4.1.0\spring-boot-4.1.0.jar;C:\Users\DELL\.m2\repository\org\springframework\spring-context\7.0.8\spring-context-7.0.8.jar;C:\Users\DELL\.m2\repository\org\springframework\boot\spring-boot-autoconfigure\4.1.0\spring-boot-autoconfigure-4.1.0.jar;C:\Users\DELL\.m2\repository\org\postgresql\postgresql\42.7.11\postgresql-42.7.11.jar;C:\Users\DELL\.m2\repository\io\jsonwebtoken\jjwt-api\0.12.5\jjwt-api-0.12.5.jar;C:\Users\DELL\.m2\repository\io\jsonwebtoken\jjwt-impl\0.12.5\jjwt-impl-0.12.5.jar;C:\Users\DELL\.m2\repository\io\jsonwebtoken\jjwt-jackson\0.12.5\jjwt-jackson-0.12.5.jar;C:\Users\DELL\.m2\repository\com\fasterxml\jackson\core\jackson-databind\2.21.4\jackson-databind-2.21.4.jar;C:\Users\DELL\.m2\repository\com\fasterxml\jackson\core\jackson-annotations\2.21\jackson-annotations-2.21.jar;C:\Users\DELL\.m2\repository\com\fasterxml\jackson\core\jackson-core\2.21.4\jackson-core-2.21.4.jar;C:\Users\DELL\.m2\repository\org\projectlombok\lombok\1.18.46\lombok-1.18.46.jar;C:\Users\DELL\.m2\repository\jakarta\xml\bind\jakarta.xml.bind-api\4.0.5\jakarta.xml.bind-api-4.0.5.jar;C:\Users\DELL\.m2\repository\net\bytebuddy\byte-buddy\1.18.10\byte-buddy-1.18.10.jar;C:\Users\DELL\.m2\repository\org\springframework\boot\spring-boot-web-server\4.1.0\spring-boot-web-server-4.1.0.jar
Launcher Type: SUN_STANDARD

[Global flags]
     intx CICompilerCount                          = 3                                         {product} {ergonomic}
     uint ConcGCThreads                            = 1                                         {product} {ergonomic}
     uint G1ConcRefinementThreads                  = 4                                         {product} {ergonomic}
   size_t G1HeapRegionSize                         = 1048576                                   {product} {ergonomic}
   size_t InitialHeapSize                          = 132120576                                 {product} {ergonomic}
   size_t MarkStackSize                            = 4194304                                   {product} {ergonomic}
   size_t MarkStackSizeMax                         = 536870912                                 {product} {ergonomic}
   size_t MaxHeapSize                              = 2086666240                                {product} {ergonomic}
   size_t MaxNewSize                               = 1251999744                                {product} {ergonomic}
   size_t MinHeapDeltaBytes                        = 1048576                                   {product} {ergonomic}
   size_t MinHeapSize                              = 8388608                                   {product} {ergonomic}
    uintx NonNMethodCodeHeapSize                   = 5832704                                {pd product} {ergonomic}
    uintx NonProfiledCodeHeapSize                  = 122945536                              {pd product} {ergonomic}
    uintx ProfiledCodeHeapSize                     = 122880000                              {pd product} {ergonomic}
    uintx ReservedCodeCacheSize                    = 251658240                              {pd product} {ergonomic}
     bool SegmentedCodeCache                       = true                                      {product} {ergonomic}
     bool ShowCodeDetailsInExceptionMessages       = true                                   {manageable} {command line}
   size_t SoftMaxHeapSize                          = 2086666240                             {manageable} {ergonomic}
     bool UseCompressedOops                        = true                           {product lp64_product} {ergonomic}
     bool UseG1GC                                  = true                                      {product} {ergonomic}
     bool UseLargePagesIndividualAllocation        = false                                  {pd product} {ergonomic}

Logging:
Log output configuration:
 #0: stdout all=warning uptime,level,tags foldmultilines=false
 #1: stderr all=off uptime,level,tags foldmultilines=false

Release file:
JAVA_VERSION="25.0.2" 
MODULES="java.base java.compiler java.datatransfer java.xml java.prefs java.desktop java.instrument java.logging java.management java.security.sasl java.naming java.rmi java.management.rmi java.net.http java.scripting java.security.jgss java.transaction.xa java.sql java.sql.rowset java.xml.crypto java.se java.smartcardio jdk.accessibility jdk.internal.jvmstat jdk.attach jdk.charsets jdk.internal.opt jdk.zipfs jdk.compiler jdk.crypto.cryptoki jdk.crypto.ec jdk.crypto.mscapi jdk.dynalink jdk.internal.ed jdk.editpad jdk.internal.vm.ci jdk.graal.compiler jdk.graal.compiler.management jdk.hotspot.agent jdk.httpserver jdk.internal.le jdk.internal.md jdk.jartool jdk.javadoc jdk.jcmd jdk.management jdk.management.agent jdk.jconsole jdk.jdeps jdk.jdwp.agent jdk.jdi jdk.jfr jdk.jshell jdk.jsobject jdk.jstatd jdk.localedata jdk.management.jfr jdk.naming.dns jdk.naming.rmi jdk.net jdk.nio.mapmode jdk.sctp jdk.security.auth jdk.security.jgss jdk.unsupported jdk.unsupported.desktop jdk.xml.dom" 

Environment Variables:
PATH=E:/STS/sts-5.1.1.RELEASE//plugins/org.eclipse.justj.openjdk.hotspot.jre.full.win32.x86_64_25.0.2.v20260203-1141/jre/bin/server;E:/STS/sts-5.1.1.RELEASE//plugins/org.eclipse.justj.openjdk.hotspot.jre.full.win32.x86_64_25.0.2.v20260203-1141/jre/bin;C:\Program Files\Common Files\Oracle\Java\javapath;C:\Program Files\Eclipse Adoptium\jdk-21.0.0.35-hotspot\bin;C:\WINDOWS\system32;C:\WINDOWS;C:\WINDOWS\System32\Wbem;C:\WINDOWS\System32\WindowsPowerShell\v1.0\;C:\WINDOWS\System32\OpenSSH\;C:\MinGW\bin;C:\Program Files\dotnet\;C:\Program Files\Git\cmd;C:\Program Files\nodejs\;C:\ProgramData\chocolatey\bin;C:\Program Files\Microsoft SQL Server\170\Tools\Binn\;C:\Program Files\Microsoft SQL Server\Client SDK\ODBC\170\Tools\Binn\;C:\Users\DELL\AppData\Local\Microsoft\WindowsApps;C:\Users\DELL\AppData\Local\Programs\Microsoft VS Code\bin;C:\Users\DELL\AppData\Roaming\npm;C:\Program Files\Java\jdk-17\bin;C:\Users\DELL\.dotnet\tools;E:\STS\sts-5.1.1.RELEASE;
USERNAME=DELL
OS=Windows_NT
PROCESSOR_IDENTIFIER=Intel64 Family 6 Model 126 Stepping 5, GenuineIntel
TMP=C:\Users\DELL\AppData\Local\Temp
TEMP=C:\Users\DELL\AppData\Local\Temp




Compilation memory statistics disabled.

Periodic native trim disabled

---------------  S Y S T E M  ---------------

OS:
 Windows 11 , 64 bit Build 26100 (10.0.26100.8737)
OS uptime: 0 days 21:40 hours
Hyper-V role detected

CPU: total 4 (initial active 4) (2 cores per cpu, 2 threads per core) family 6 model 126 stepping 5 microcode 0xcc, cx8, cmov, fxsr, ht, mmx, 3dnowpref, sse, sse2, sse3, ssse3, sse4.1, sse4.2, popcnt, lzcnt, tsc, tscinvbit, avx, avx2, aes, erms, clmul, bmi1, bmi2, adx, avx512f, avx512dq, avx512cd, avx512bw, avx512vl, sha, fma, vzeroupper, avx512_vpopcntdq, avx512_vpclmulqdq, avx512_vaes, avx512_vnni, clflush, clflushopt, avx512_vbmi2, avx512_vbmi, hv, rdtscp, rdpid, fsrm, gfni, avx512_bitalg, f16c, avx512_ifma
Processor Information for the first 4 processors :
  Max Mhz: 1190, Current Mhz: 1190, Mhz Limit: 1190

Memory: 4k page, system-wide physical 7958M (1064M free)
TotalPageFile size 17047M (AvailPageFile size 2M)
current process WorkingSet (physical memory assigned to process): 237M, peak: 274M
current process commit charge ("private bytes"): 263M, peak: 310M

vm_info: OpenJDK 64-Bit Server VM (25.0.2+10-LTS) for windows-amd64 JRE (25.0.2+10-LTS), built on 2026-01-20T00:00:00Z with MS VC++ 17.12 (VS2022)

END.
